
> onlinejudge-frontend@0.1.0 build
> vite build

vite v6.4.2 building for production...
transforming...
✓ 189 modules transformed.
rendering chunks...
computing gzip size...
dist/courses/index.html                                       0.90 kB │ gzip:  0.54 kB
dist/index.html                                               0.90 kB │ gzip:  0.53 kB
dist/assets/back1-DZz7Swmv.jpg                            1,263.68 kB
dist/assets/StatusBadge-C9IA22AF.css                          1.17 kB │ gzip:  0.47 kB
dist/assets/AuthStatusView-CItSKK1T.css                       1.38 kB │ gzip:  0.60 kB
dist/assets/GradeItemConfigView-DzaAFcXf.css                  1.55 kB │ gzip:  0.54 kB
dist/assets/SummaryStrip-DXa-oEEW.css                         1.70 kB │ gzip:  0.59 kB
dist/assets/AuthProfileView-vFvoqQJb.css                      1.75 kB │ gzip:  0.65 kB
dist/assets/AuthView-CQgXRGO9.css                             1.78 kB │ gzip:  0.64 kB
dist/assets/PageHeader-Dcz9qIxI.css                           1.87 kB │ gzip:  0.62 kB
dist/assets/LabTeacherView-Cmy9Gq2A.css                       2.03 kB │ gzip:  0.67 kB
dist/assets/StudentGradeView-AT5c1g6C.css                     2.30 kB │ gzip:  0.72 kB
dist/assets/CourseHomeworkIndexView-Z4dmvkVg.css              2.33 kB │ gzip:  0.65 kB
dist/assets/PageState-0meaLDVG.css                            2.39 kB │ gzip:  0.75 kB
dist/assets/FilterBar-CnEgTmX0.css                            2.52 kB │ gzip:  0.65 kB
dist/assets/HomeworkTeacherView-CorToWo9.css                  2.56 kB │ gzip:  0.76 kB
dist/assets/HomeworkManageView-DeyMufuz.css                   3.13 kB │ gzip:  0.91 kB
dist/assets/DataTable-CUI3wAUz.css                            3.14 kB │ gzip:  0.85 kB
dist/assets/LabManageView-DuA_-3l5.css                        3.14 kB │ gzip:  0.89 kB
dist/assets/ReminderRuleSettingsView-BSUP4Et2.css             3.35 kB │ gzip:  0.92 kB
dist/assets/LearningStatisticsView-C-d2U1Am.css               3.75 kB │ gzip:  0.95 kB
dist/assets/LearningProgressView-CMvJ6lLo.css                 3.75 kB │ gzip:  0.99 kB
dist/assets/TeacherGradeTableView-D9crOW81.css                4.12 kB │ gzip:  1.10 kB
dist/assets/CourseLabIndexView-DpgctneT.css                   4.52 kB │ gzip:  1.19 kB
dist/assets/CourseManagementView-B9rDXZ0w.css                 4.95 kB │ gzip:  1.27 kB
dist/assets/AuthAdminView-CJ4cDG9g.css                        5.08 kB │ gzip:  1.27 kB
dist/assets/HomeworkSubmissionResultView-DYnx6ZQ8.css         5.30 kB │ gzip:  1.34 kB
dist/assets/LabEditorView-Bukz2m-o.css                        5.66 kB │ gzip:  1.36 kB
dist/assets/NotificationCenterView-CNeVmKBA.css               5.92 kB │ gzip:  1.29 kB
dist/assets/LearningTaskCenterView-CSLlOWIf.css               5.94 kB │ gzip:  1.39 kB
dist/assets/HomeworkEditorView-6qyfLp_4.css                   6.04 kB │ gzip:  1.40 kB
dist/assets/HomeworkSubmissionWorkspaceView-BsEUi_3O.css      6.17 kB │ gzip:  1.48 kB
dist/assets/LabSubmissionResultView-CN3Y-1B7.css              6.25 kB │ gzip:  1.45 kB
dist/assets/HomeworkStatisticsView-DAB94n6d.css               6.52 kB │ gzip:  1.53 kB
dist/assets/LabSubmissionHistoryView-BxH8h8my.css             6.93 kB │ gzip:  1.56 kB
dist/assets/HomeworkSubmissionHistoryView-CCHJDP-A.css        7.37 kB │ gzip:  1.64 kB
dist/assets/HomeworkSubmissionReviewView-DK8ELNRr.css         7.60 kB │ gzip:  1.77 kB
dist/assets/LabSubmissionReviewView-B4FCg6J9.css              7.90 kB │ gzip:  1.73 kB
dist/assets/LabStatisticsView-BsN_vaWM.css                    8.36 kB │ gzip:  2.18 kB
dist/assets/LabSubmissionWorkspaceView-Dk7z9xs-.css           9.67 kB │ gzip:  2.32 kB
dist/assets/LabStudentView-CfxwW-20.css                      12.63 kB │ gzip:  2.38 kB
dist/assets/HomeworkStudentView-DfQwRkLT.css                 13.94 kB │ gzip:  2.57 kB
dist/assets/main-BfBgy7Kc.css                                25.64 kB │ gzip:  5.76 kB
dist/assets/main-D4RGIiLb.js                                  0.09 kB │ gzip:  0.11 kB
dist/assets/courses-D1vykDkV.js                               0.09 kB │ gzip:  0.11 kB
dist/assets/learningProgress-CUPO1qo1.js                      0.37 kB │ gzip:  0.24 kB
dist/assets/gradeItems-yJdcK3mO.js                            0.51 kB │ gzip:  0.24 kB
dist/assets/StatusBadge-DZ0n2Wd_.js                           0.67 kB │ gzip:  0.41 kB
dist/assets/SummaryStrip-CJA9e-kd.js                          0.90 kB │ gzip:  0.52 kB
dist/assets/hwkDisplay-CvCiv7zE.js                            0.93 kB │ gzip:  0.58 kB
dist/assets/grdDisplay-Chys63Ow.js                            1.10 kB │ gzip:  0.63 kB
dist/assets/PageHeader-BmGuQyjr.js                            1.22 kB │ gzip:  0.56 kB
dist/assets/internalActionUrl-ZOGQcVTN.js                     1.39 kB │ gzip:  0.64 kB
dist/assets/labDisplay-BAvwEZdb.js                            1.60 kB │ gzip:  0.90 kB
dist/assets/PageState-DPvxjJH1.js                             1.88 kB │ gzip:  0.99 kB
dist/assets/AuthStatusView-DmbYe-FF.js                        1.95 kB │ gzip:  1.02 kB
dist/assets/FilterBar-D4jhXSOq.js                             2.28 kB │ gzip:  1.03 kB
dist/assets/labs-CWnN83fV.js                                  2.28 kB │ gzip:  0.68 kB
dist/assets/homeworks-7i7ybgxG.js                             2.55 kB │ gzip:  0.79 kB
dist/assets/gradeRecords-DOTtQejD.js                          2.65 kB │ gzip:  0.62 kB
dist/assets/DataTable-UjzK3aSn.js                             2.72 kB │ gzip:  1.20 kB
dist/assets/learningRecords-DosPI_hn.js                       2.81 kB │ gzip:  1.18 kB
dist/assets/AuthView-CQPzKrmO.js                              3.96 kB │ gzip:  1.82 kB
dist/assets/ReminderRuleSettingsView-MUf68l6d.js              4.45 kB │ gzip:  1.98 kB
dist/assets/LearningStatisticsView-C7OxZiVW.js                4.54 kB │ gzip:  2.03 kB
dist/assets/AuthProfileView-D2RZNdt6.js                       4.62 kB │ gzip:  1.90 kB
dist/assets/LearningProgressView-Cz-NWGoe.js                  4.93 kB │ gzip:  2.14 kB
dist/assets/StudentGradeView-CnXWUPRG.js                      5.92 kB │ gzip:  2.45 kB
dist/assets/LabManageView-8r8wlH45.js                         6.69 kB │ gzip:  2.90 kB
dist/assets/LearningTaskCenterView-BWyWaRHZ.js                6.81 kB │ gzip:  2.88 kB
dist/assets/CourseHomeworkIndexView-DIrkKe9h.js               7.05 kB │ gzip:  3.18 kB
dist/assets/GradeItemConfigView-B4IizCVZ.js                   8.28 kB │ gzip:  3.20 kB
dist/assets/HomeworkManageView-B79-Eja_.js                    8.68 kB │ gzip:  3.52 kB
dist/assets/NotificationCenterView-C7CjWxA3.js                8.82 kB │ gzip:  3.47 kB
dist/assets/CourseLabIndexView-BEtuKwcg.js                    9.07 kB │ gzip:  4.13 kB
dist/assets/LabStatisticsView-DTnNKWfN.js                     9.23 kB │ gzip:  3.56 kB
dist/assets/LabTeacherView-QlgCzCy5.js                       10.06 kB │ gzip:  4.01 kB
dist/assets/LabSubmissionHistoryView-DpPmT_BD.js             11.03 kB │ gzip:  3.92 kB
dist/assets/HomeworkSubmissionResultView-CToRe9xF.js         11.50 kB │ gzip:  4.38 kB
dist/assets/HomeworkTeacherView-o1cQkeWI.js                  13.07 kB │ gzip:  5.19 kB
dist/assets/LabSubmissionWorkspaceView-BAD8sZkj.js           13.61 kB │ gzip:  4.95 kB
dist/assets/AuthAdminView-BtTI8H0v.js                        14.35 kB │ gzip:  4.72 kB
dist/assets/HomeworkStatisticsView-D9EFuBAf.js               14.98 kB │ gzip:  5.26 kB
dist/assets/LabSubmissionResultView-5sVZiIMC.js              15.48 kB │ gzip:  5.31 kB
dist/assets/LabEditorView-jszS4Z7v.js                        17.66 kB │ gzip:  6.37 kB
dist/assets/HomeworkSubmissionWorkspaceView-CdFckMRk.js      18.54 kB │ gzip:  6.58 kB
dist/assets/LabSubmissionReviewView-_Hz21tGR.js              20.61 kB │ gzip:  6.80 kB
dist/assets/TeacherGradeTableView-Cf7uGoT1.js                20.69 kB │ gzip:  6.21 kB
dist/assets/HomeworkSubmissionHistoryView-Voo26VlK.js        21.60 kB │ gzip:  7.13 kB
dist/assets/HomeworkSubmissionReviewView-BiBYHyRa.js         24.31 kB │ gzip:  8.42 kB
dist/assets/HomeworkEditorView-DFTHMjE5.js                   29.58 kB │ gzip:  9.57 kB
dist/assets/HomeworkStudentView-0juAC3Sa.js                  31.33 kB │ gzip:  9.99 kB
dist/assets/LabStudentView-DBJaorSM.js                       32.70 kB │ gzip: 11.37 kB
dist/assets/CourseManagementView-BWNxblJf.js                 51.34 kB │ gzip: 14.63 kB
dist/assets/main-DHHaYDHe.js                                127.69 kB │ gzip: 45.46 kB
✓ built in 28.99s
