
> onlinejudge-frontend@0.1.0 test:e2e:contract
> node --test tests/contracts/shared-e2e-entry.contract.test.mjs

TAP version 13
# Subtest: shared E2E package commands use the single Playwright runner
ok 1 - shared E2E package commands use the single Playwright runner
  ---
  duration_ms: 3.0014
  type: 'test'
  ...
# Subtest: repository has one Playwright config and one ignored artifact convention
ok 2 - repository has one Playwright config and one ignored artifact convention
  ---
  duration_ms: 301.3124
  type: 'test'
  ...
# Subtest: shared fixture, real-application smoke and local runbook are present
ok 3 - shared fixture, real-application smoke and local runbook are present
  ---
  duration_ms: 1.7425
  type: 'test'
  ...
1..3
# tests 3
# suites 0
# pass 3
# fail 0
# cancelled 0
# skipped 0
# todo 0
# duration_ms 679.9282
