 Volume oj307-monolith-200359_mysql-data Creating
 Network oj307-monolith-200359_default Creating
 Volume oj307-monolith-200359_app-data Creating
 Volume oj307-monolith-200359_app-data Creating
 Volume oj307-monolith-200359_mysql-data Creating
 Network oj307-monolith-200359_default Creating
 Volume oj307-monolith-200359_app-data Created
 Volume oj307-monolith-200359_app-data Created
 Volume oj307-monolith-200359_mysql-data Created
 Volume oj307-monolith-200359_mysql-data Created
 Network oj307-monolith-200359_default Created
 Network oj307-monolith-200359_default Created
 Container onlinejudge-mysql Creating
 Container onlinejudge-mysql Created
 Container onlinejudge-backend Creating
 Container onlinejudge-backend Created
 Container onlinejudge-frontend Creating
 Container onlinejudge-frontend Created
 Container onlinejudge-mysql Starting
 Container onlinejudge-mysql Started
 Container onlinejudge-mysql Waiting
 Container onlinejudge-mysql Healthy
 Container onlinejudge-backend Starting
 Container onlinejudge-backend Started
 Container onlinejudge-backend Waiting
 Container onlinejudge-backend Healthy
 Container onlinejudge-frontend Starting
 Container onlinejudge-frontend Started
 Container onlinejudge-backend Waiting
 Container onlinejudge-frontend Waiting
 Container onlinejudge-mysql Waiting
 Container onlinejudge-mysql Healthy
 Container onlinejudge-backend Healthy
 Container onlinejudge-frontend Healthy
