--progress is a global compose flag, better use `docker compose --progress xx build ...
 Image oj307-monolith-200359-backend Building
 Image oj307-monolith-200359-frontend Building
#1 [internal] load local bake definitions
#1 reading from stdin 1.07kB done
#1 DONE 0.0s

#2 [backend internal] load build definition from backend.Dockerfile
#2 transferring dockerfile: 874B done
#2 DONE 0.0s

#3 [frontend internal] load build definition from frontend.Dockerfile
#3 transferring dockerfile: 328B done
#3 DONE 0.0s

#4 [backend] resolve image config for docker-image://docker.io/docker/dockerfile:1.7
#4 DONE 0.0s

#5 [backend] docker-image://docker.io/docker/dockerfile:1.7
#5 CACHED

#6 [frontend internal] load metadata for docker.io/library/node:22-alpine
#6 DONE 0.0s

#7 [frontend internal] load metadata for docker.io/library/nginx:1.27-alpine
#7 DONE 0.0s

#8 [frontend internal] load .dockerignore
#8 transferring context: 139B done
#8 DONE 0.0s

#9 [frontend build 1/6] FROM docker.io/library/node:22-alpine
#9 DONE 0.0s

#10 [frontend stage-1 1/3] FROM docker.io/library/nginx:1.27-alpine
#10 DONE 0.0s

#11 [backend internal] load build definition from backend.Dockerfile
#11 transferring dockerfile: 874B done
#11 DONE 0.0s

#12 [backend internal] load metadata for docker.io/library/maven:3.9.9-eclipse-temurin-21
#12 DONE 0.0s

#13 [backend internal] load metadata for docker.io/library/eclipse-temurin:21-jre
#13 DONE 0.0s

#14 [backend internal] load .dockerignore
#14 transferring context: 139B done
#14 DONE 0.0s

#15 [backend build 1/6] FROM docker.io/library/maven:3.9.9-eclipse-temurin-21
#15 DONE 0.0s

#16 [backend stage-1 1/5] FROM docker.io/library/eclipse-temurin:21-jre
#16 DONE 0.0s

#17 [backend internal] load build context
#17 transferring context: 55.12kB 0.1s done
#17 DONE 0.1s

#18 [backend stage-1 2/5] WORKDIR /opt/onlinejudge
#18 CACHED

#19 [backend stage-1 4/5] COPY --from=build /workspace/backend/target/onlinejudge-backend-0.1.0-SNAPSHOT.jar app.jar
#19 CACHED

#20 [backend build 3/6] COPY backend/pom.xml backend/pom.xml
#20 CACHED

#21 [backend build 5/6] COPY backend backend
#21 CACHED

#22 [backend stage-1 3/5] RUN apt-get update     && apt-get install -y --no-install-recommends wget     && rm -rf /var/lib/apt/lists/*
#22 CACHED

#23 [backend build 2/6] WORKDIR /workspace
#23 CACHED

#24 [backend build 4/6] RUN --mount=type=cache,target=/root/.m2     mvn -f backend/pom.xml -q -Dmaven.test.skip=true dependency:go-offline
#24 CACHED

#25 [backend build 6/6] RUN --mount=type=cache,target=/root/.m2     mvn -f backend/pom.xml -Dmaven.test.skip=true package
#25 CACHED

#26 [backend stage-1 5/5] RUN mkdir -p /opt/onlinejudge/data/uploads
#26 CACHED

#27 [backend] exporting to image
#27 exporting layers done
#27 writing image sha256:715d6a1f6a30ddc231f93d015dcd7e1187abc8a1b25c18dfc4113eb9ecb3be42 done
#27 naming to docker.io/library/oj307-monolith-200359-backend done
#27 DONE 0.0s

#28 [backend] resolving provenance for metadata file
#28 DONE 0.0s

#29 [frontend internal] load build context
#29 transferring context: 104.20MB 0.8s done
#29 DONE 0.8s

#30 [frontend stage-1 2/3] COPY deploy/nginx/default.conf /etc/nginx/conf.d/default.conf
#30 CACHED

#31 [frontend build 4/6] RUN npm ci
#31 CACHED

#32 [frontend build 3/6] COPY frontend/package*.json ./
#32 CACHED

#33 [frontend build 6/6] RUN npm run build
#33 CACHED

#34 [frontend build 2/6] WORKDIR /workspace
#34 CACHED

#35 [frontend build 5/6] COPY frontend ./
#35 CACHED

#36 [frontend stage-1 3/3] COPY --from=build /workspace/dist /usr/share/nginx/html
#36 CACHED

#37 [frontend] exporting to image
#37 exporting layers done
#37 writing image sha256:b5bcb6c277cfabeaf769552eb3c812f082f2af8fb0a417f2b68bb270443f6df8 done
#37 naming to docker.io/library/oj307-monolith-200359-frontend done
#37 DONE 0.0s

#38 [frontend] resolving provenance for metadata file
#38 DONE 0.0s
 Image oj307-monolith-200359-backend Built
 Image oj307-monolith-200359-frontend Built
