 Volume oj307-three-200359_assessment-files Creating
 Network oj307-three-200359_default Creating
 Volume oj307-three-200359_assessment-files Creating
 Network oj307-three-200359_default Creating
 Volume oj307-three-200359_assessment-files Created
 Volume oj307-three-200359_assessment-files Created
 Network oj307-three-200359_default Created
 Network oj307-three-200359_default Created
 Container oj307-three-200359-mysql-1 Creating
 Container oj307-three-200359-frontend-1 Creating
 Container oj307-three-200359-rabbitmq-1 Creating
 Container oj307-three-200359-frontend-1 Created
 Container oj307-three-200359-mysql-1 Created
 Container oj307-three-200359-mysql-runtime-account-init-1 Creating
 Container oj307-three-200359-rabbitmq-1 Created
 Container oj307-three-200359-mysql-runtime-account-init-1 Created
 Container oj307-three-200359-identity-migrations-1 Creating
 Container oj307-three-200359-identity-migrations-1 Created
 Container oj307-three-200359-course-migrations-1 Creating
 Container oj307-three-200359-identity-service-1 Creating
 Container oj307-three-200359-identity-service-1 Created
 Container oj307-three-200359-course-migrations-1 Created
 Container oj307-three-200359-course-service-1 Creating
 Container oj307-three-200359-assessment-migrations-1 Creating
 Container oj307-three-200359-course-service-1 Created
 Container oj307-three-200359-assessment-migrations-1 Created
 Container oj307-three-200359-assessment-worker-1 Creating
 Container oj307-three-200359-assessment-api-1 Creating
 Container oj307-three-200359-grade-migrations-1 Creating
 Container oj307-three-200359-assessment-api-1 Created
 Container oj307-three-200359-grade-migrations-1 Created
 Container oj307-three-200359-grade-service-1 Creating
 Container oj307-three-200359-assessment-worker-1 Created
 Container oj307-three-200359-grade-service-1 Created
 Container oj307-three-200359-gateway-1 Creating
 Container oj307-three-200359-gateway-1 Created
 Container oj307-three-200359-rabbitmq-1 Starting
 Container oj307-three-200359-mysql-1 Starting
 Container oj307-three-200359-frontend-1 Starting
 Container oj307-three-200359-mysql-1 Started
 Container oj307-three-200359-mysql-1 Waiting
 Container oj307-three-200359-frontend-1 Started
 Container oj307-three-200359-rabbitmq-1 Started
 Container oj307-three-200359-mysql-1 Healthy
 Container oj307-three-200359-mysql-runtime-account-init-1 Starting
 Container oj307-three-200359-mysql-runtime-account-init-1 Started
 Container oj307-three-200359-mysql-runtime-account-init-1 Waiting
 Container oj307-three-200359-mysql-runtime-account-init-1 Exited
 Container oj307-three-200359-identity-migrations-1 Starting
 Container oj307-three-200359-identity-migrations-1 Started
 Container oj307-three-200359-identity-migrations-1 Waiting
 Container oj307-three-200359-mysql-runtime-account-init-1 Waiting
 Container oj307-three-200359-identity-migrations-1 Waiting
 Container oj307-three-200359-mysql-1 Waiting
 Container oj307-three-200359-mysql-1 Healthy
 Container oj307-three-200359-identity-migrations-1 Exited
 Container oj307-three-200359-identity-service-1 Starting
 Container oj307-three-200359-mysql-runtime-account-init-1 Exited
 Container oj307-three-200359-identity-migrations-1 Exited
 Container oj307-three-200359-course-migrations-1 Starting
 Container oj307-three-200359-course-migrations-1 Started
 Container oj307-three-200359-mysql-runtime-account-init-1 Waiting
 Container oj307-three-200359-course-migrations-1 Waiting
 Container oj307-three-200359-course-migrations-1 Waiting
 Container oj307-three-200359-mysql-1 Waiting
 Container oj307-three-200359-identity-service-1 Started
 Container oj307-three-200359-mysql-runtime-account-init-1 Exited
 Container oj307-three-200359-mysql-1 Healthy
 Container oj307-three-200359-course-migrations-1 Exited
 Container oj307-three-200359-course-migrations-1 Exited
 Container oj307-three-200359-course-service-1 Starting
 Container oj307-three-200359-assessment-migrations-1 Starting
 Container oj307-three-200359-assessment-migrations-1 Started
 Container oj307-three-200359-assessment-migrations-1 Waiting
 Container oj307-three-200359-mysql-1 Waiting
 Container oj307-three-200359-mysql-1 Waiting
 Container oj307-three-200359-assessment-migrations-1 Waiting
 Container oj307-three-200359-assessment-migrations-1 Waiting
 Container oj307-three-200359-mysql-runtime-account-init-1 Waiting
 Container oj307-three-200359-rabbitmq-1 Waiting
 Container oj307-three-200359-course-service-1 Started
 Container oj307-three-200359-mysql-1 Healthy
 Container oj307-three-200359-mysql-1 Healthy
 Container oj307-three-200359-mysql-runtime-account-init-1 Exited
 Container oj307-three-200359-assessment-migrations-1 Exited
 Container oj307-three-200359-grade-migrations-1 Starting
 Container oj307-three-200359-assessment-migrations-1 Exited
 Container oj307-three-200359-assessment-migrations-1 Exited
 Container oj307-three-200359-assessment-api-1 Starting
 Container oj307-three-200359-grade-migrations-1 Started
 Container oj307-three-200359-mysql-1 Waiting
 Container oj307-three-200359-grade-migrations-1 Waiting
 Container oj307-three-200359-assessment-api-1 Started
 Container oj307-three-200359-mysql-1 Healthy
 Container oj307-three-200359-grade-migrations-1 Exited
 Container oj307-three-200359-grade-service-1 Starting
 Container oj307-three-200359-grade-service-1 Started
 Container oj307-three-200359-identity-service-1 Waiting
 Container oj307-three-200359-course-service-1 Waiting
 Container oj307-three-200359-assessment-api-1 Waiting
 Container oj307-three-200359-grade-service-1 Waiting
 Container oj307-three-200359-frontend-1 Waiting
 Container oj307-three-200359-frontend-1 Healthy
 Container oj307-three-200359-assessment-api-1 Healthy
 Container oj307-three-200359-rabbitmq-1 Healthy
 Container oj307-three-200359-assessment-worker-1 Starting
 Container oj307-three-200359-assessment-worker-1 Started
 Container oj307-three-200359-course-service-1 Healthy
 Container oj307-three-200359-grade-service-1 Healthy
 Container oj307-three-200359-identity-service-1 Healthy
 Container oj307-three-200359-gateway-1 Starting
 Container oj307-three-200359-gateway-1 Started
 Container oj307-three-200359-grade-service-1 Waiting
 Container oj307-three-200359-mysql-1 Waiting
 Container oj307-three-200359-assessment-api-1 Waiting
 Container oj307-three-200359-rabbitmq-1 Waiting
 Container oj307-three-200359-identity-migrations-1 Waiting
 Container oj307-three-200359-grade-migrations-1 Waiting
 Container oj307-three-200359-course-migrations-1 Waiting
 Container oj307-three-200359-mysql-runtime-account-init-1 Waiting
 Container oj307-three-200359-gateway-1 Waiting
 Container oj307-three-200359-course-service-1 Waiting
 Container oj307-three-200359-assessment-migrations-1 Waiting
 Container oj307-three-200359-frontend-1 Waiting
 Container oj307-three-200359-assessment-worker-1 Waiting
 Container oj307-three-200359-identity-service-1 Waiting
 Container oj307-three-200359-course-migrations-1 Exited
 Container oj307-three-200359-identity-migrations-1 Exited
 Container oj307-three-200359-frontend-1 Healthy
 Container oj307-three-200359-assessment-migrations-1 Exited
 Container oj307-three-200359-grade-migrations-1 Exited
 Container oj307-three-200359-mysql-1 Healthy
 Container oj307-three-200359-rabbitmq-1 Healthy
 Container oj307-three-200359-mysql-runtime-account-init-1 Exited
 Container oj307-three-200359-course-service-1 Healthy
 Container oj307-three-200359-assessment-api-1 Healthy
 Container oj307-three-200359-grade-service-1 Healthy
 Container oj307-three-200359-identity-service-1 Healthy
 Container oj307-three-200359-assessment-worker-1 Healthy
 Container oj307-three-200359-gateway-1 Healthy
THREE_SERVICE_READY project=oj307-three-200359 sha=c66686ff0e011f5ee63e3908683f01afd4f83ebc endpoint=http://127.0.0.1:18081 containers=31bf015c85eb4fc88b62e7a50cfa0c065e5c34fb16e32c99607dcc0764423ae3,132bec4d9b7ef9548f60da605da99f17d8ab2832e329c10b9a51bc1bb8d0fbd3,522ad29d132b152626b9efbb43f450a5641cd40dbdc97f54815e16266a1db3a4,aa21dfec498bf5d6bfa487b635e98db0474c678babd66a4e1c016cdc293ecbf5,5c53c7917cafb9a6cccdecba56f0939f122335c45969eaf583ec2d4c160333de,f2db43524d7f22cd4f47a523342cb1ecf425dd65186601b803e100707798b718,61e8d7bd90f9151f81902e0fea0f309ca146f8a3702d00c6ab16c323c69ef211,2cc6b03f2c641d3c1e982cc08a2d804b9a97479532cd3ccec23efcec96816938,8097a4ddd5660e9e66f501bef1528c4aa7f5d3a7529a339b1c610ff1c36d4316 evidence=/private/tmp/oj307-perf.Vwbe8B/performance/issue-307/results/20260902T200359Z/evidence/three-service-runtime
